// Jest Snapshot v1, https://goo.gl/fbAQLP

exports[`ProductDetailsPage render snapshot of details page 1`] = `
<div>
  <div
    className="mt-5 container"
  >
    <div
      className="row"
    >
      <div
        className="col"
      />
      <div
        className="col"
      >
        <div
          className="row"
        />
        <div
          className="text-center card"
          style={
            Object {
              "width": "30rem",
            }
          }
        >
          <img
            alt=""
            className="card-img-top"
          />
          <div
            className="card-body"
          >
            <div
              className="card-title h5"
            >
              <b>
                redmi
              </b>
              <hr />
            </div>
            <p
              className="card-text"
            >
              <b>
                 About The Product:
              </b>
              <br />
              redmi note 7 pro
            </p>
            <div
              className="row"
            >
              <div
                className="col"
              >
                <b>
                  Quantity:
                </b>
                <div
                  className="col"
                >
                  3
                </div>
              </div>
              <div
                className="col"
              >
                <b>
                  Price:
                </b>
                <div
                  className="col"
                >
                  RS.
                  12345
                  /-
                </div>
              </div>
            </div>
            <hr />
          </div>
          <div
            className="row"
          >
            <div
              className="col"
            >
              <div
                className="col"
              >
                EDIT THE DETAILS
              </div>
            </div>
            <div
              className="col"
            >
              <div
                className="col"
              >
                <a
                  className="btn btn-danger btn-sm"
                  href="/Products"
                  onClick={[Function]}
                >
                  DELETE THE PRODUCT
                </a>
              </div>
            </div>
            <div
              className="row"
            />
          </div>
        </div>
      </div>
      <div
        className="col"
      />
    </div>
  </div>
</div>
`;
